nohup: ignoring input
Warning: You are sending unauthenticated requests to the HF Hub. Please set a HF_TOKEN to enable higher rate limits and faster downloads.
pooled train rows: 60000, pooled val rows: 33592

=== pooled lr 1e-05 ===
Loading weights:   0%|          | 0/269 [00:00<?, ?it/s]Loading weights: 100%|██████████| 269/269 [00:00<00:00, 22336.19it/s]
[transformers] [1mLongformerForSequenceClassification LOAD REPORT[0m from: allenai/longformer-base-4096
Key                            | Status     | 
-------------------------------+------------+-
lm_head.decoder.weight         | UNEXPECTED | 
lm_head.bias                   | UNEXPECTED | 
longformer.pooler.dense.weight | UNEXPECTED | 
lm_head.layer_norm.weight      | UNEXPECTED | 
lm_head.layer_norm.bias        | UNEXPECTED | 
lm_head.dense.weight           | UNEXPECTED | 
lm_head.dense.bias             | UNEXPECTED | 
longformer.pooler.dense.bias   | UNEXPECTED | 
classifier.dense.weight        | MISSING    | 
classifier.dense.bias          | MISSING    | 
classifier.out_proj.weight     | MISSING    | 
classifier.out_proj.bias       | MISSING    | 

Notes:
- UNEXPECTED:	can be ignored when loading from different task/architecture; not ok if you expect identical arch.
- MISSING:	those params were newly initialized because missing from the checkpoint. Consider training on your downstream task.
[transformers] Initializing global attention on CLS token...
[W808 23:49:22.608399074 CUDACachingAllocator.cpp:3933] memory allocation failed with OOM on device 0 while trying to allocate 2422210560 bytes (free: 1916862464, total: 23594139648).
stage pooled lr 1e-05 epoch 1: val auroc 0.9342
stage pooled lr 1e-05 epoch 2: val auroc 0.9427
stage pooled lr 1e-05 epoch 3: val auroc 0.9505
stage pooled lr 1e-05 epoch 4: val auroc 0.9517
stage pooled lr 1e-05 epoch 5: val auroc 0.9470
  pooled lr 1e-05: val auroc 0.9517
    test stage 1: auroc 0.9515  human_rec 0.4947  machine_rec 0.9921
    test stage 2: auroc 0.9723  human_rec 0.4947  machine_rec 0.9942
    test stage 3: auroc 0.9091  human_rec 0.4947  machine_rec 0.9781
    test stage 4: auroc 0.9641  human_rec 0.4947  machine_rec 0.9936
    test stage 5: auroc 0.9753  human_rec 0.4947  machine_rec 0.9933
  saved results_pooled.json

=== pooled lr 3e-05 ===
Loading weights:   0%|          | 0/269 [00:00<?, ?it/s]Loading weights: 100%|██████████| 269/269 [00:00<00:00, 22521.21it/s]
[transformers] [1mLongformerForSequenceClassification LOAD REPORT[0m from: allenai/longformer-base-4096
Key                            | Status     | 
-------------------------------+------------+-
lm_head.decoder.weight         | UNEXPECTED | 
lm_head.bias                   | UNEXPECTED | 
longformer.pooler.dense.weight | UNEXPECTED | 
lm_head.layer_norm.weight      | UNEXPECTED | 
lm_head.layer_norm.bias        | UNEXPECTED | 
lm_head.dense.weight           | UNEXPECTED | 
lm_head.dense.bias             | UNEXPECTED | 
longformer.pooler.dense.bias   | UNEXPECTED | 
classifier.dense.weight        | MISSING    | 
classifier.dense.bias          | MISSING    | 
classifier.out_proj.weight     | MISSING    | 
classifier.out_proj.bias       | MISSING    | 

Notes:
- UNEXPECTED:	can be ignored when loading from different task/architecture; not ok if you expect identical arch.
- MISSING:	those params were newly initialized because missing from the checkpoint. Consider training on your downstream task.
stage pooled lr 3e-05 epoch 1: val auroc 0.9625
stage pooled lr 3e-05 epoch 2: val auroc 0.9639
stage pooled lr 3e-05 epoch 3: val auroc 0.9631
stage pooled lr 3e-05 epoch 4: val auroc 0.9296
stage pooled lr 3e-05 epoch 5: val auroc 0.9106
  pooled lr 3e-05: val auroc 0.9639
    test stage 1: auroc 0.9607  human_rec 0.5454  machine_rec 0.9956
    test stage 2: auroc 0.9755  human_rec 0.5454  machine_rec 0.9963
    test stage 3: auroc 0.9417  human_rec 0.5454  machine_rec 0.9899
    test stage 4: auroc 0.9672  human_rec 0.5454  machine_rec 0.9953
    test stage 5: auroc 0.9743  human_rec 0.5454  machine_rec 0.9951
  saved results_pooled.json

=== pooled lr 5e-05 ===
Loading weights:   0%|          | 0/269 [00:00<?, ?it/s]Loading weights: 100%|██████████| 269/269 [00:00<00:00, 22047.25it/s]
[transformers] [1mLongformerForSequenceClassification LOAD REPORT[0m from: allenai/longformer-base-4096
Key                            | Status     | 
-------------------------------+------------+-
lm_head.decoder.weight         | UNEXPECTED | 
lm_head.bias                   | UNEXPECTED | 
longformer.pooler.dense.weight | UNEXPECTED | 
lm_head.layer_norm.weight      | UNEXPECTED | 
lm_head.layer_norm.bias        | UNEXPECTED | 
lm_head.dense.weight           | UNEXPECTED | 
lm_head.dense.bias             | UNEXPECTED | 
longformer.pooler.dense.bias   | UNEXPECTED | 
classifier.dense.weight        | MISSING    | 
classifier.dense.bias          | MISSING    | 
classifier.out_proj.weight     | MISSING    | 
classifier.out_proj.bias       | MISSING    | 

Notes:
- UNEXPECTED:	can be ignored when loading from different task/architecture; not ok if you expect identical arch.
- MISSING:	those params were newly initialized because missing from the checkpoint. Consider training on your downstream task.
stage pooled lr 5e-05 epoch 1: val auroc 0.9393
stage pooled lr 5e-05 epoch 2: val auroc 0.9757
stage pooled lr 5e-05 epoch 3: val auroc 0.9685
stage pooled lr 5e-05 epoch 4: val auroc 0.9558
stage pooled lr 5e-05 epoch 5: val auroc 0.9612
  pooled lr 5e-05: val auroc 0.9757
    test stage 1: auroc 0.9763  human_rec 0.5889  machine_rec 0.9941
    test stage 2: auroc 0.9882  human_rec 0.5889  machine_rec 0.9968
    test stage 3: auroc 0.9514  human_rec 0.5889  machine_rec 0.9819
    test stage 4: auroc 0.9810  human_rec 0.5889  machine_rec 0.9943
    test stage 5: auroc 0.9818  human_rec 0.5889  machine_rec 0.9926
  saved results_pooled.json

pooled winner: lr 5e-05 (val auroc 0.9757)
